// Vitest Snapshot v1, https://vitest.dev/guide/snapshot.html

exports[`feature: capUpdates > should properly generate files 1`] = `
{
  "jsonConfig": "import {ConfigFile} from '../../generator/types';
export const config: ConfigFile = {
  rootOptions: {
    pools: ['AaveV3Ethereum'],
    title: 'test',
    shortName: 'Test',
    date: '20231023',
    author: 'test',
    discussion: 'test',
  },
  poolOptions: {
    AaveV3Ethereum: {
      configs: {CAPS_UPDATE: [{asset: 'WETH', supplyCap: '10000', borrowCap: '5000'}]},
      cache: {blockNumber: 42},
    },
  },
};
",
  "payloads": [
    {
      "contractName": "AaveV3Ethereum_Test_20231023",
      "payload": "// SPDX-License-Identifier: MIT
pragma solidity ^0.8.0;

import {AaveV3EthereumAssets} from 'aave-address-book/AaveV3Ethereum.sol';
import {RiskStewardsEthereum} from '../../../../scripts/networks/RiskStewardsEthereum.s.sol';
import {IAaveV3ConfigEngine} from 'aave-v3-periphery/contracts/v3-config-engine/IAaveV3ConfigEngine.sol';

/**
 * @title test
 * @author test
 * - discussion: test
 * - deploy-command: make run-script contract=src/contracts/updates/20231023_AaveV3Ethereum_Test/AaveV3Ethereum_Test_20231023.sol:AaveV3Ethereum_Test_20231023 network=mainnet broadcast=false
 */
contract AaveV3Ethereum_Test_20231023 is RiskStewardsEthereum {
  function name() public pure override returns (string memory) {
    return 'AaveV3Ethereum_Test_20231023';
  }

  function capsUpdates() public pure override returns (IAaveV3ConfigEngine.CapsUpdate[] memory) {
    IAaveV3ConfigEngine.CapsUpdate[] memory capsUpdate = new IAaveV3ConfigEngine.CapsUpdate[](1);

    capsUpdate[0] = IAaveV3ConfigEngine.CapsUpdate({
      asset: AaveV3EthereumAssets.WETH_UNDERLYING,
      supplyCap: 10_000,
      borrowCap: 5_000
    });

    return capsUpdate;
  }
}
",
      "pool": "AaveV3Ethereum",
    },
  ],
}
`;

exports[`feature: capUpdates > should return reasonable code 1`] = `
{
  "code": {
    "fn": [
      "function capsUpdates() public pure override returns (IAaveV3ConfigEngine.CapsUpdate[] memory) {
          IAaveV3ConfigEngine.CapsUpdate[] memory capsUpdate = new IAaveV3ConfigEngine.CapsUpdate[](1);

          capsUpdate[0] = IAaveV3ConfigEngine.CapsUpdate({
               asset: AaveV3EthereumAssets.WETH_UNDERLYING,
               supplyCap: 10_000,
               borrowCap: 5_000
             });

          return capsUpdate;
        }",
    ],
  },
}
`;
