// Vitest Snapshot v1, https://vitest.dev/guide/snapshot.html

exports[`feature: collateralUpdates > should properly generate files 1`] = `
{
  "jsonConfig": "import {ConfigFile} from '../../generator/types';
export const config: ConfigFile = {
  rootOptions: {
    pools: ['AaveV3Ethereum'],
    title: 'test',
    shortName: 'Test',
    date: '20231023',
    author: 'test',
    discussion: 'test',
  },
  poolOptions: {
    AaveV3Ethereum: {
      configs: {
        COLLATERALS_UPDATE: [
          {
            asset: 'DAI',
            ltv: '8500',
            liqThreshold: '8800',
            liqBonus: '600',
            debtCeiling: '',
            liqProtocolFee: '1200',
          },
        ],
      },
      cache: {blockNumber: 42},
    },
  },
};
",
  "payloads": [
    {
      "contractName": "AaveV3Ethereum_Test_20231023",
      "payload": "// SPDX-License-Identifier: MIT
pragma solidity ^0.8.0;

import {AaveV3EthereumAssets} from 'aave-address-book/AaveV3Ethereum.sol';
import {RiskStewardsEthereum} from '../../../../scripts/networks/RiskStewardsEthereum.s.sol';
import {EngineFlags} from 'aave-v3-origin/src/contracts/extensions/v3-config-engine/EngineFlags.sol';
import {IAaveV3ConfigEngine} from 'aave-v3-origin/src/contracts/extensions/v3-config-engine/IAaveV3ConfigEngine.sol';

/**
 * @title test
 * @author test
 * - discussion: test
 * - deploy-command: make run-script contract=src/contracts/updates/20231023_AaveV3Ethereum_Test/AaveV3Ethereum_Test_20231023.sol:AaveV3Ethereum_Test_20231023 network=mainnet broadcast=false generate_diff=true
 */
contract AaveV3Ethereum_Test_20231023 is RiskStewardsEthereum {
  function name() public pure override returns (string memory) {
    return 'AaveV3Ethereum_Test_20231023';
  }

  function collateralsUpdates()
    public
    pure
    override
    returns (IAaveV3ConfigEngine.CollateralUpdate[] memory)
  {
    IAaveV3ConfigEngine.CollateralUpdate[]
      memory collateralUpdate = new IAaveV3ConfigEngine.CollateralUpdate[](1);

    collateralUpdate[0] = IAaveV3ConfigEngine.CollateralUpdate({
      asset: AaveV3EthereumAssets.DAI_UNDERLYING,
      ltv: 8_500_00,
      liqThreshold: 8_800_00,
      liqBonus: 600_00,
      debtCeiling: EngineFlags.KEEP_CURRENT,
      liqProtocolFee: 1_200_00
    });

    return collateralUpdate;
  }
}
",
      "pool": "AaveV3Ethereum",
    },
  ],
}
`;

exports[`feature: collateralUpdates > should return reasonable code 1`] = `
{
  "code": {
    "fn": [
      "function collateralsUpdates() public pure override returns (IAaveV3ConfigEngine.CollateralUpdate[] memory) {
          IAaveV3ConfigEngine.CollateralUpdate[] memory collateralUpdate = new IAaveV3ConfigEngine.CollateralUpdate[](1);

          collateralUpdate[0] = IAaveV3ConfigEngine.CollateralUpdate({
               asset: AaveV3EthereumAssets.DAI_UNDERLYING,
               ltv: 8_500_00,
               liqThreshold: 8_800_00,
               liqBonus: 600_00,
               debtCeiling: EngineFlags.KEEP_CURRENT,
               liqProtocolFee: 1_200_00
             });

          return collateralUpdate;
        }",
    ],
  },
}
`;
