// Vitest Snapshot v1, https://vitest.dev/guide/snapshot.html

exports[`feature: eModeUpdates > should properly generate files 1`] = `
{
  "jsonConfig": "import {ConfigFile} from '../../generator/types';
export const config: ConfigFile = {
  rootOptions: {
    pools: ['AaveV3Ethereum'],
    title: 'test',
    shortName: 'Test',
    date: '20231023',
    author: 'test',
    discussion: 'test',
  },
  poolOptions: {
    AaveV3Ethereum: {
      configs: {
        EMODES_UPDATE: [
          {
            eModeCategory: 'AaveV3EthereumEModes.ETH_CORRELATED',
            ltv: '',
            liqThreshold: '50',
            liqBonus: '',
            label: '',
          },
        ],
      },
      cache: {blockNumber: 42},
    },
  },
};
",
  "payloads": [
    {
      "contractName": "AaveV3Ethereum_Test_20231023",
      "payload": "// SPDX-License-Identifier: MIT
pragma solidity ^0.8.0;

import {AaveV3EthereumEModes} from 'aave-address-book/AaveV3Ethereum.sol';
import {RiskStewardsEthereum} from '../../../../scripts/networks/RiskStewardsEthereum.s.sol';
import {EngineFlags} from 'aave-v3-origin/src/contracts/extensions/v3-config-engine/EngineFlags.sol';
import {IAaveV3ConfigEngine} from 'aave-v3-origin/src/contracts/extensions/v3-config-engine/IAaveV3ConfigEngine.sol';
/**
 * @title test
 * @author test
 * - discussion: test
 * - deploy-command: make run-script contract=src/contracts/updates/20231023_AaveV3Ethereum_Test/AaveV3Ethereum_Test_20231023.sol:AaveV3Ethereum_Test_20231023 network=mainnet broadcast=false generate_diff=true skip_timelock=false
 */
contract AaveV3Ethereum_Test_20231023 is RiskStewardsEthereum {
  function name() public pure override returns (string memory) {
    return 'AaveV3Ethereum_Test_20231023';
  }

  function eModeCategoriesUpdates()
    public
    pure
    override
    returns (IAaveV3ConfigEngine.EModeCategoryUpdate[] memory)
  {
    IAaveV3ConfigEngine.EModeCategoryUpdate[]
      memory eModeUpdates = new IAaveV3ConfigEngine.EModeCategoryUpdate[](1);

    eModeUpdates[0] = IAaveV3ConfigEngine.EModeCategoryUpdate({
      eModeCategory: AaveV3EthereumEModes.ETH_CORRELATED,
      ltv: EngineFlags.KEEP_CURRENT,
      liqThreshold: 50_00,
      liqBonus: EngineFlags.KEEP_CURRENT,
      label: EngineFlags.KEEP_CURRENT_STRING
    });

    return eModeUpdates;
  }
}
",
      "pool": "AaveV3Ethereum",
    },
  ],
}
`;

exports[`feature: eModeUpdates > should return reasonable code 1`] = `
{
  "code": {
    "fn": [
      "function eModeCategoriesUpdates() public pure override returns (IAaveV3ConfigEngine.EModeCategoryUpdate[] memory) {
          IAaveV3ConfigEngine.EModeCategoryUpdate[] memory eModeUpdates = new IAaveV3ConfigEngine.EModeCategoryUpdate[](1);

          eModeUpdates[0] = IAaveV3ConfigEngine.EModeCategoryUpdate({
               eModeCategory: AaveV3EthereumEModes.ETH_CORRELATED,
               ltv: EngineFlags.KEEP_CURRENT,
               liqThreshold: 50_00,
               liqBonus: EngineFlags.KEEP_CURRENT,
               label: EngineFlags.KEEP_CURRENT_STRING
             });

          return eModeUpdates;
        }",
    ],
  },
}
`;
